     1 00000000                                 [FORMAT "WCOFF"]
     2 00000000                                 [INSTRSET "i486p"]
     3 00000000                                 [OPTIMIZE 1]
     4 00000000                                 [OPTION 1]
     5 00000000                                 [BITS 32]
     6 00000000                                 [FILE "fifo.c"]
     7                                          [SECTION .text]
     8 00000000                                 	GLOBAL	_fifo8_init
     9 00000000                                 _fifo8_init:
    10 00000000 55                              	PUSH	EBP
    11 00000001 89 E5                           	MOV	EBP,ESP
    12 00000003 8B 45 08                        	MOV	EAX,DWORD [8+EBP]
    13 00000006 8B 4D 0C                        	MOV	ECX,DWORD [12+EBP]
    14 00000009 8B 55 10                        	MOV	EDX,DWORD [16+EBP]
    15 0000000C 89 48 0C                        	MOV	DWORD [12+EAX],ECX
    16 0000000F 89 10                           	MOV	DWORD [EAX],EDX
    17 00000011 89 48 10                        	MOV	DWORD [16+EAX],ECX
    18 00000014 C7 40 14 00000000               	MOV	DWORD [20+EAX],0
    19 0000001B C7 40 04 00000000               	MOV	DWORD [4+EAX],0
    20 00000022 C7 40 08 00000000               	MOV	DWORD [8+EAX],0
    21 00000029 5D                              	POP	EBP
    22 0000002A C3                              	RET
    23 0000002B                                 	GLOBAL	_fifo8_put
    24 0000002B                                 _fifo8_put:
    25 0000002B 55                              	PUSH	EBP
    26 0000002C 89 E5                           	MOV	EBP,ESP
    27 0000002E 53                              	PUSH	EBX
    28 0000002F 8B 4D 08                        	MOV	ECX,DWORD [8+EBP]
    29 00000032 8B 5D 0C                        	MOV	EBX,DWORD [12+EBP]
    30 00000035 83 79 10 00                     	CMP	DWORD [16+ECX],0
    31 00000039 75 0A                           	JNE	L3
    32 0000003B 83 49 14 01                     	OR	DWORD [20+ECX],1
    33 0000003F 83 C8 FF                        	OR	EAX,-1
    34 00000042                                 L2:
    35 00000042 5B                              	POP	EBX
    36 00000043 5D                              	POP	EBP
    37 00000044 C3                              	RET
    38 00000045                                 L3:
    39 00000045 8B 41 04                        	MOV	EAX,DWORD [4+ECX]
    40 00000048 8B 11                           	MOV	EDX,DWORD [ECX]
    41 0000004A 88 1C 10                        	MOV	BYTE [EAX+EDX*1],BL
    42 0000004D 8B 41 04                        	MOV	EAX,DWORD [4+ECX]
    43 00000050 FF 49 10                        	DEC	DWORD [16+ECX]
    44 00000053 40                              	INC	EAX
    45 00000054 99                              	CDQ
    46 00000055 F7 79 0C                        	IDIV	DWORD [12+ECX]
    47 00000058 31 C0                           	XOR	EAX,EAX
    48 0000005A 89 51 04                        	MOV	DWORD [4+ECX],EDX
    49 0000005D EB E3                           	JMP	L2
    50 0000005F                                 	GLOBAL	_fifo8_get
    51 0000005F                                 _fifo8_get:
    52 0000005F 55                              	PUSH	EBP
    53 00000060 83 C8 FF                        	OR	EAX,-1
    54 00000063 89 E5                           	MOV	EBP,ESP
    55 00000065 57                              	PUSH	EDI
    56 00000066 56                              	PUSH	ESI
    57 00000067 8B 75 08                        	MOV	ESI,DWORD [8+EBP]
    58 0000006A 53                              	PUSH	EBX
    59 0000006B 8B 7E 10                        	MOV	EDI,DWORD [16+ESI]
    60 0000006E 8B 5E 0C                        	MOV	EBX,DWORD [12+ESI]
    61 00000071 39 DF                           	CMP	EDI,EBX
    62 00000073 74 18                           	JE	L4
    63 00000075 8B 46 08                        	MOV	EAX,DWORD [8+ESI]
    64 00000078 8B 16                           	MOV	EDX,DWORD [ESI]
    65 0000007A 0F B6 0C 10                     	MOVZX	ECX,BYTE [EAX+EDX*1]
    66 0000007E 40                              	INC	EAX
    67 0000007F 99                              	CDQ
    68 00000080 F7 FB                           	IDIV	EBX
    69 00000082 8D 47 01                        	LEA	EAX,DWORD [1+EDI]
    70 00000085 89 56 08                        	MOV	DWORD [8+ESI],EDX
    71 00000088 89 46 10                        	MOV	DWORD [16+ESI],EAX
    72 0000008B 89 C8                           	MOV	EAX,ECX
    73 0000008D                                 L4:
    74 0000008D 5B                              	POP	EBX
    75 0000008E 5E                              	POP	ESI
    76 0000008F 5F                              	POP	EDI
    77 00000090 5D                              	POP	EBP
    78 00000091 C3                              	RET
    79 00000092                                 	GLOBAL	_fifo8_status
    80 00000092                                 _fifo8_status:
    81 00000092 55                              	PUSH	EBP
    82 00000093 89 E5                           	MOV	EBP,ESP
    83 00000095 8B 55 08                        	MOV	EDX,DWORD [8+EBP]
    84 00000098 5D                              	POP	EBP
    85 00000099 8B 42 0C                        	MOV	EAX,DWORD [12+EDX]
    86 0000009C 2B 42 10                        	SUB	EAX,DWORD [16+EDX]
    87 0000009F C3                              	RET
